[qbgrow.com/magen/iot-admin/app/index.html]
[backblue.gif]
[fade.gif]
[index.html]
[qbgrow.com/magen/iot-admin/app/form-elements.html]
[qbgrow.com/magen/iot-admin/app/form-layouts.html]
[qbgrow.com/magen/iot-admin/app/form-validation.html]
[qbgrow.com/magen/iot-admin/app/form-wizards.html]
[qbgrow.com/magen/iot-admin/app/form-editor-text.html]
[qbgrow.com/magen/iot-admin/app/accordion.html]
[qbgrow.com/magen/iot-admin/app/alerts.html]
[qbgrow.com/magen/iot-admin/app/buttons.html]
[qbgrow.com/magen/iot-admin/app/cards.html]
[qbgrow.com/magen/iot-admin/app/icons.html]
[qbgrow.com/magen/iot-admin/app/modal.html]
[qbgrow.com/magen/iot-admin/app/navigation.html]
[qbgrow.com/magen/iot-admin/app/pagination.html]
[qbgrow.com/magen/iot-admin/app/popups.html]
[qbgrow.com/magen/iot-admin/app/progress.html]
[qbgrow.com/magen/iot-admin/app/spinners.html]
[qbgrow.com/magen/iot-admin/app/typography.html]
[qbgrow.com/magen/iot-admin/app/chart-morris.html]
[qbgrow.com/magen/iot-admin/app/chart-flot.html]
[qbgrow.com/magen/iot-admin/app/chart-chartjs.html]
[qbgrow.com/magen/iot-admin/app/chart-rickshaw.html]
[qbgrow.com/magen/iot-admin/app/chart-sparkline.html]
[qbgrow.com/magen/iot-admin/app/map-google.html]
[qbgrow.com/magen/iot-admin/app/map-vector.html]
[qbgrow.com/magen/iot-admin/app/table-basic.html]
[qbgrow.com/magen/iot-admin/app/table-datatable.html]
[qbgrow.com/magen/iot-admin/app/blank.html]
[qbgrow.com/magen/iot-admin/app/mailbox.html]
[qbgrow.com/magen/iot-admin/app/chat.html]
[qbgrow.com/magen/iot-admin/app/calendar.html]
[qbgrow.com/magen/iot-admin/app/edit-profile.html]
[qbgrow.com/magen/iot-admin/app/file-manager.html]
[qbgrow.com/magen/iot-admin/app/page-signin.html]
[qbgrow.com/magen/iot-admin/app/page-signup.html]
[qbgrow.com/magen/iot-admin/app/page-notfound.html]
[qbgrow.com/magen/iot-admin/app/widgets.html]
[qbgrow.com/magen/iot-admin/img/img8.jpg]
[qbgrow.com/magen/iot-admin/img/img9.jpg]
[qbgrow.com/magen/iot-admin/img/img10.jpg]
[qbgrow.com/magen/iot-admin/img/img5.jpg]
[qbgrow.com/magen/iot-admin/img/img3.jpg]
[qbgrow.com/magen/iot-admin/img/img1.jpg]
[qbgrow.com/magen/iot-admin/img/img2.jpg]
[qbgrow.com/magen/iot-admin/img/img4.jpg]
[qbgrow.com/magen/iot-admin/lib/jquery/jquery.js]
[qbgrow.com/magen/iot-admin/lib/popper.js/popper.js]
[qbgrow.com/magen/iot-admin/lib/bootstrap/bootstrap.js]
[qbgrow.com/magen/iot-admin/lib/perfect-scrollbar/js/perfect-scrollbar.jquery.js]
[qbgrow.com/magen/iot-admin/lib/moment/moment.js]
[qbgrow.com/magen/iot-admin/lib/d3/d3.js]
[qbgrow.com/magen/iot-admin/lib/rickshaw/rickshaw.min.js]
[qbgrow.com/magen/iot-admin/lib/gmaps/gmaps.js]
[qbgrow.com/magen/iot-admin/lib/chart.js/Chart.js]
[qbgrow.com/magen/iot-admin/js/magen-iot-admin.js]
[qbgrow.com/magen/iot-admin/js/ResizeSensor.js]
[qbgrow.com/magen/iot-admin/js/dashboard.js]
[www.google-analytics.com/analytics.js]
[qbgrow.com/magen/iot-admin/app/index.html]
[qbgrow.com/magen/iot-admin/lib/font-awesome/css/font-awesome.css]
[qbgrow.com/magen/iot-admin/lib/Ionicons/css/ionicons.css]
[qbgrow.com/magen/iot-admin/lib/perfect-scrollbar/css/perfect-scrollbar.css]
[qbgrow.com/magen/iot-admin/lib/rickshaw/rickshaw.min.css]
[qbgrow.com/magen/iot-admin/css/magen-iot-admin.css]
[qbgrow.com/magen/iot-admin/lib/jquery-ui/jquery-ui.js]
[qbgrow.com/magen/iot-admin/lib/highlightjs/highlight.pack.js]
[qbgrow.com/magen/iot-admin/lib/select2/js/select2.min.js]
[qbgrow.com/magen/iot-admin/lib/spectrum/spectrum.js]
[qbgrow.com/magen/iot-admin/app/form-elements.html]
[qbgrow.com/magen/iot-admin/app/form-layouts.html]
[qbgrow.com/magen/iot-admin/lib/parsleyjs/parsley.js]
[qbgrow.com/magen/iot-admin/app/form-validation.html]
[qbgrow.com/magen/iot-admin/lib/jquery.steps/jquery.steps.js]
[qbgrow.com/magen/iot-admin/app/form-wizards.html]
[qbgrow.com/magen/iot-admin/lib/medium-editor/medium-editor.js]
[qbgrow.com/magen/iot-admin/lib/summernote/summernote-bs4.min.js]
[qbgrow.com/magen/iot-admin/app/form-editor-text.html]
[qbgrow.com/magen/iot-admin/app/accordion.html]
[qbgrow.com/magen/iot-admin/app/alerts.html]
[qbgrow.com/magen/iot-admin/app/buttons.html]
[qbgrow.com/magen/iot-admin/img/img12.jpg]
[qbgrow.com/magen/iot-admin/img/img11.jpg]
[qbgrow.com/magen/iot-admin/app/cards.html]
[qbgrow.com/magen/iot-admin/app/icons.html]
[qbgrow.com/magen/iot-admin/app/modal.html]
[qbgrow.com/magen/iot-admin/app/navigation.html]
[qbgrow.com/magen/iot-admin/app/pagination.html]
[qbgrow.com/magen/iot-admin/app/popups.html]
[qbgrow.com/magen/iot-admin/app/progress.html]
[qbgrow.com/magen/iot-admin/app/spinners.html]
[qbgrow.com/magen/iot-admin/app/typography.html]
[qbgrow.com/magen/iot-admin/lib/raphael/raphael.min.js]
[qbgrow.com/magen/iot-admin/lib/morris.js/morris.js]
[qbgrow.com/magen/iot-admin/js/chart.morris.js]
[qbgrow.com/magen/iot-admin/app/chart-morris.html]
[qbgrow.com/magen/iot-admin/lib/Flot/jquery.flot.js]
[qbgrow.com/magen/iot-admin/lib/Flot/jquery.flot.pie.js]
[qbgrow.com/magen/iot-admin/lib/Flot/jquery.flot.resize.js]
[qbgrow.com/magen/iot-admin/lib/flot-spline/jquery.flot.spline.js]
[qbgrow.com/magen/iot-admin/js/chart.flot.js]
[qbgrow.com/magen/iot-admin/app/chart-flot.html]
[qbgrow.com/magen/iot-admin/js/chart.chartjs.js]
[qbgrow.com/magen/iot-admin/app/chart-chartjs.html]
[qbgrow.com/magen/iot-admin/js/chart.rickshaw.js]
[qbgrow.com/magen/iot-admin/app/chart-rickshaw.html]
[qbgrow.com/magen/iot-admin/lib/jquery.sparkline.bower/jquery.sparkline.min.js]
[qbgrow.com/magen/iot-admin/js/chart.sparkline.js]
[qbgrow.com/magen/iot-admin/app/chart-sparkline.html]
[qbgrow.com/magen/iot-admin/js/map.shiftworker.js]
[qbgrow.com/magen/iot-admin/js/map.bluewater.js]
[qbgrow.com/magen/iot-admin/js/map.shadesofgray.js]
[qbgrow.com/magen/iot-admin/js/map.apple.js]
[qbgrow.com/magen/iot-admin/js/map.mapbox.js]
[qbgrow.com/magen/iot-admin/app/map-google.html]
[qbgrow.com/magen/iot-admin/lib/jqvmap/jquery.vmap.min.js]
[qbgrow.com/magen/iot-admin/lib/jqvmap/maps/jquery.vmap.world.js]
[qbgrow.com/magen/iot-admin/lib/jqvmap/maps/jquery.vmap.usa.js]
[qbgrow.com/magen/iot-admin/lib/jqvmap/maps/jquery.vmap.canada.js]
[qbgrow.com/magen/iot-admin/js/jquery.vmap.sampledata.js]
[qbgrow.com/magen/iot-admin/app/map-vector.html]
[qbgrow.com/magen/iot-admin/app/table-basic.html]
[qbgrow.com/magen/iot-admin/lib/datatables/jquery.dataTables.js]
[qbgrow.com/magen/iot-admin/lib/datatables-responsive/dataTables.responsive.js]
[qbgrow.com/magen/iot-admin/app/table-datatable.html]
[qbgrow.com/magen/iot-admin/app/blank.html]
[qbgrow.com/magen/iot-admin/app/page-inbox.6d.delayed]
[qbgrow.com/magen/iot-admin/img/img6.jpg]
[qbgrow.com/magen/iot-admin/img/img7.jpg]
[qbgrow.com/magen/iot-admin/app/mailbox.html]
[qbgrow.com/magen/iot-admin/app/chat.html]
[qbgrow.com/magen/iot-admin/lib/fullcalendar/fullcalendar.js]
[qbgrow.com/magen/iot-admin/app/calendar.html]
[qbgrow.com/magen/iot-admin/app/edit-profile.html]
[qbgrow.com/magen/iot-admin/app/file-manager.html]
[qbgrow.com/magen/iot-admin/app/page-signin.html]
[qbgrow.com/magen/iot-admin/app/page-signup.html]
[qbgrow.com/magen/iot-admin/app/page-notfound.html]
[qbgrow.com/magen/iot-admin/js/widgets.js]
[qbgrow.com/magen/iot-admin/app/widgets.html]
[scontent.fdxb1-1.fna.fbcdn.net/v/t31.0-8/19238218_1901779180090186_1774631387012709393_o9827.jpg]
[qbgrow.com/magen/iot-admin/lib/highlightjs/github.css]
[qbgrow.com/magen/iot-admin/lib/select2/css/select2.min.css]
[qbgrow.com/magen/iot-admin/lib/spectrum/spectrum.css]
[qbgrow.com/magen/iot-admin/lib/jquery.steps/jquery.steps.css]
[qbgrow.com/magen/iot-admin/lib/medium-editor/medium-editor.css]
[qbgrow.com/magen/iot-admin/lib/medium-editor/default.css]
[qbgrow.com/magen/iot-admin/lib/summernote/font/summernote291f.eot]
[qbgrow.com/magen/iot-admin/lib/summernote/font/summernoted41d.eot]
[qbgrow.com/magen/iot-admin/lib/summernote/font/summernote291f.woff]
[qbgrow.com/magen/iot-admin/lib/summernote/font/summernote291f.ttf]
[qbgrow.com/magen/iot-admin/lib/summernote/summernote-bs4.css]
[qbgrow.com/magen/iot-admin/lib/SpinKit/spinkit.css]
[qbgrow.com/magen/iot-admin/lib/morris.js/morris.css]
[qbgrow.com/magen/iot-admin/lib/images/sort_both.png]
[qbgrow.com/magen/iot-admin/lib/images/sort_asc.png]
[qbgrow.com/magen/iot-admin/lib/images/sort_desc.png]
[qbgrow.com/magen/iot-admin/lib/images/sort_asc_disabled.png]
[qbgrow.com/magen/iot-admin/lib/images/sort_desc_disabled.png]
[qbgrow.com/magen/iot-admin/lib/datatables/jquery.dataTables.css]
[qbgrow.com/magen/iot-admin/app/page-inbox.html]
[qbgrow.com/magen/iot-admin/lib/fullcalendar/fullcalendar.css]
[vueghost.com/magen-iot-admin/img/magen-iot-admin-social.png]
[qbgrow.com/magen/iot-admin/lib/images/sort_both.html]
[qbgrow.com/magen/iot-admin/lib/images/sort_asc.html]
[qbgrow.com/magen/iot-admin/lib/images/sort_desc.html]
[qbgrow.com/magen/iot-admin/lib/images/sort_asc_disabled.html]
[qbgrow.com/magen/iot-admin/lib/images/sort_desc_disabled.html]
